../Core/Src/main.c:103:6:delay	16	static
../Core/Src/main.c:106:6:cs_sel	8	static
../Core/Src/main.c:110:6:cs_desel	8	static
../Core/Src/main.c:114:6:W5500_ReadBuff	16	static
../Core/Src/main.c:118:6:W5500_WriteBuff	16	static
../Core/Src/main.c:123:9:W5500_ReadByte	16	static
../Core/Src/main.c:129:6:W5500_WriteByte	16	static
../Core/Src/main.c:139:5:main	592	dynamic
../Core/Src/main.c:598:6:SystemClock_Config	88	static
../Core/Src/main.c:644:13:MX_SPI1_Init	8	static
../Core/Src/main.c:682:13:MX_GPIO_Init	40	static
../Core/Src/main.c:707:10:READ_COILS	80	static
../Core/Src/main.c:759:10:READ_DISCRETE_INPUT	80	static
../Core/Src/main.c:806:10:READ_H_REGS	40	static
../Core/Src/main.c:834:10:READ_IN_REGS	40	static
../Core/Src/main.c:870:10:WRITE_SINGLE_COIL	48	static
../Core/Src/main.c:900:10:WRITE_SINGLE_REG	48	static
../Core/Src/main.c:937:14:arrayToHex	24	static
../Core/Src/main.c:946:9:hexToDecimal	24	static
../Core/Src/main.c:962:7:decimalToHex	24	static
../Core/Src/main.c:973:10:Dec2Hex	24	static
../Core/Src/main.c:984:10:COMBINE_MBAP_PDU	48	static
../Core/Src/main.c:1021:6:Error_Handler	4	static,ignoring_inline_asm
