Archive member included to satisfy reference by file (symbol)

c:/st/stm32cubeide_1.10.1/stm32cubeide/plugins/com.st.stm32cube.ide.mcu.externaltools.gnu-tools-for-stm32.10.3-2021.10.win32_1.0.100.202210260954/tools/bin/../lib/gcc/arm-none-eabi/10.3.1/../../../../arm-none-eabi/lib/thumb/v7e-m+fp/hard\libc_nano.a(lib_a-errno.o)
                              ./Core/Src/syscalls.o (__errno)
c:/st/stm32cubeide_1.10.1/stm32cubeide/plugins/com.st.stm32cube.ide.mcu.externaltools.gnu-tools-for-stm32.10.3-2021.10.win32_1.0.100.202210260954/tools/bin/../lib/gcc/arm-none-eabi/10.3.1/../../../../arm-none-eabi/lib/thumb/v7e-m+fp/hard\libc_nano.a(lib_a-exit.o)
                              c:/st/stm32cubeide_1.10.1/stm32cubeide/plugins/com.st.stm32cube.ide.mcu.externaltools.gnu-tools-for-stm32.10.3-2021.10.win32_1.0.100.202210260954/tools/bin/../lib/gcc/arm-none-eabi/10.3.1/../../../../arm-none-eabi/lib/thumb/v7e-m+fp/hard/crt0.o (exit)
c:/st/stm32cubeide_1.10.1/stm32cubeide/plugins/com.st.stm32cube.ide.mcu.externaltools.gnu-tools-for-stm32.10.3-2021.10.win32_1.0.100.202210260954/tools/bin/../lib/gcc/arm-none-eabi/10.3.1/../../../../arm-none-eabi/lib/thumb/v7e-m+fp/hard\libc_nano.a(lib_a-impure.o)
                              c:/st/stm32cubeide_1.10.1/stm32cubeide/plugins/com.st.stm32cube.ide.mcu.externaltools.gnu-tools-for-stm32.10.3-2021.10.win32_1.0.100.202210260954/tools/bin/../lib/gcc/arm-none-eabi/10.3.1/../../../../arm-none-eabi/lib/thumb/v7e-m+fp/hard\libc_nano.a(lib_a-exit.o) (_global_impure_ptr)
c:/st/stm32cubeide_1.10.1/stm32cubeide/plugins/com.st.stm32cube.ide.mcu.externaltools.gnu-tools-for-stm32.10.3-2021.10.win32_1.0.100.202210260954/tools/bin/../lib/gcc/arm-none-eabi/10.3.1/../../../../arm-none-eabi/lib/thumb/v7e-m+fp/hard\libc_nano.a(lib_a-init.o)
                              c:/st/stm32cubeide_1.10.1/stm32cubeide/plugins/com.st.stm32cube.ide.mcu.externaltools.gnu-tools-for-stm32.10.3-2021.10.win32_1.0.100.202210260954/tools/bin/../lib/gcc/arm-none-eabi/10.3.1/../../../../arm-none-eabi/lib/thumb/v7e-m+fp/hard/crt0.o (__libc_init_array)
c:/st/stm32cubeide_1.10.1/stm32cubeide/plugins/com.st.stm32cube.ide.mcu.externaltools.gnu-tools-for-stm32.10.3-2021.10.win32_1.0.100.202210260954/tools/bin/../lib/gcc/arm-none-eabi/10.3.1/../../../../arm-none-eabi/lib/thumb/v7e-m+fp/hard\libc_nano.a(lib_a-memset.o)
                              c:/st/stm32cubeide_1.10.1/stm32cubeide/plugins/com.st.stm32cube.ide.mcu.externaltools.gnu-tools-for-stm32.10.3-2021.10.win32_1.0.100.202210260954/tools/bin/../lib/gcc/arm-none-eabi/10.3.1/../../../../arm-none-eabi/lib/thumb/v7e-m+fp/hard/crt0.o (memset)
c:/st/stm32cubeide_1.10.1/stm32cubeide/plugins/com.st.stm32cube.ide.mcu.externaltools.gnu-tools-for-stm32.10.3-2021.10.win32_1.0.100.202210260954/tools/bin/../lib/gcc/arm-none-eabi/10.3.1/../../../../arm-none-eabi/lib/thumb/v7e-m+fp/hard\libc_nano.a(lib_a-printf.o)
                              ./Application/Application_Driver/loopback.o (printf)
c:/st/stm32cubeide_1.10.1/stm32cubeide/plugins/com.st.stm32cube.ide.mcu.externaltools.gnu-tools-for-stm32.10.3-2021.10.win32_1.0.100.202210260954/tools/bin/../lib/gcc/arm-none-eabi/10.3.1/../../../../arm-none-eabi/lib/thumb/v7e-m+fp/hard\libc_nano.a(lib_a-puts.o)
                              ./Core/Src/main.o (puts)
c:/st/stm32cubeide_1.10.1/stm32cubeide/plugins/com.st.stm32cube.ide.mcu.externaltools.gnu-tools-for-stm32.10.3-2021.10.win32_1.0.100.202210260954/tools/bin/../lib/gcc/arm-none-eabi/10.3.1/../../../../arm-none-eabi/lib/thumb/v7e-m+fp/hard\libc_nano.a(lib_a-wbuf.o)
                              c:/st/stm32cubeide_1.10.1/stm32cubeide/plugins/com.st.stm32cube.ide.mcu.externaltools.gnu-tools-for-stm32.10.3-2021.10.win32_1.0.100.202210260954/tools/bin/../lib/gcc/arm-none-eabi/10.3.1/../../../../arm-none-eabi/lib/thumb/v7e-m+fp/hard\libc_nano.a(lib_a-puts.o) (__swbuf_r)
c:/st/stm32cubeide_1.10.1/stm32cubeide/plugins/com.st.stm32cube.ide.mcu.externaltools.gnu-tools-for-stm32.10.3-2021.10.win32_1.0.100.202210260954/tools/bin/../lib/gcc/arm-none-eabi/10.3.1/../../../../arm-none-eabi/lib/thumb/v7e-m+fp/hard\libc_nano.a(lib_a-wsetup.o)
                              c:/st/stm32cubeide_1.10.1/stm32cubeide/plugins/com.st.stm32cube.ide.mcu.externaltools.gnu-tools-for-stm32.10.3-2021.10.win32_1.0.100.202210260954/tools/bin/../lib/gcc/arm-none-eabi/10.3.1/../../../../arm-none-eabi/lib/thumb/v7e-m+fp/hard\libc_nano.a(lib_a-puts.o) (__swsetup_r)
c:/st/stm32cubeide_1.10.1/stm32cubeide/plugins/com.st.stm32cube.ide.mcu.externaltools.gnu-tools-for-stm32.10.3-2021.10.win32_1.0.100.202210260954/tools/bin/../lib/gcc/arm-none-eabi/10.3.1/../../../../arm-none-eabi/lib/thumb/v7e-m+fp/hard\libc_nano.a(lib_a-fflush.o)
[...]
Memory Configuration

Name             Origin             Length             Attributes
CCMRAM           0x0000000010000000 0x0000000000010000 xrw
RAM              0x0000000020000000 0x0000000000020000 xrw
FLASH            0x0000000008000000 0x0000000000100000 xr
*default*        0x0000000000000000 0xffffffffffffffff

Linker script and memory map

LOAD c:/st/stm32cubeide_1.10.1/stm32cubeide/plugins/com.st.stm32cube.ide.mcu.externaltools.gnu-tools-for-stm32.10.3-2021.10.win32_1.0.100.202210260954/tools/bin/../lib/gcc/arm-none-eabi/10.3.1/thumb/v7e-m+fp/hard/crti.o
LOAD c:/st/stm32cubeide_1.10.1/stm32cubeide/plugins/com.st.stm32cube.ide.mcu.externaltools.gnu-tools-for-stm32.10.3-2021.10.win32_1.0.100.202210260954/tools/bin/../lib/gcc/arm-none-eabi/10.3.1/thumb/v7e-m+fp/hard/crtbegin.o
LOAD c:/st/stm32cubeide_1.10.1/stm32cubeide/plugins/com.st.stm32cube.ide.mcu.externaltools.gnu-tools-for-stm32.10.3-2021.10.win32_1.0.100.202210260954/tools/bin/../lib/gcc/arm-none-eabi/10.3.1/../../../../arm-none-eabi/lib/thumb/v7e-m+fp/hard/crt0.o
LOAD ./Application/Application_Driver/loopback.o
LOAD ./Core/Src/main.o
LOAD ./Core/Src/stm32f4xx_hal_msp.o
LOAD ./Core/Src/stm32f4xx_it.o
LOAD ./Core/Src/syscalls.o
LOAD ./Core/Src/sysmem.o
LOAD ./Core/Src/system_stm32f4xx.o
LOAD ./Core/Startup/startup_stm32f407vgtx.o
LOAD ./Drivers/STM32F4xx_HAL_Driver/Src/stm32f4xx_hal.o
LOAD ./Drivers/STM32F4xx_HAL_Driver/Src/stm32f4xx_hal_cortex.o
LOAD ./Drivers/STM32F4xx_HAL_Driver/Src/stm32f4xx_hal_dma.o
LOAD ./Drivers/STM32F4xx_HAL_Driver/Src/stm32f4xx_hal_dma_ex.o
LOAD ./Drivers/STM32F4xx_HAL_Driver/Src/stm32f4xx_hal_exti.o
LOAD ./Drivers/STM32F4xx_HAL_Driver/Src/stm32f4xx_hal_flash.o
LOAD ./Drivers/STM32F4xx_HAL_Driver/Src/stm32f4xx_hal_flash_ex.o
LOAD ./Drivers/STM32F4xx_HAL_Driver/Src/stm32f4xx_hal_flash_ramfunc.o
LOAD ./Drivers/STM32F4xx_HAL_Driver/Src/stm32f4xx_hal_gpio.o
LOAD ./Drivers/STM32F4xx_HAL_Driver/Src/stm32f4xx_hal_pwr.o
LOAD ./Drivers/STM32F4xx_HAL_Driver/Src/stm32f4xx_hal_pwr_ex.o
LOAD ./Drivers/STM32F4xx_HAL_Driver/Src/stm32f4xx_hal_rcc.o
LOAD ./Drivers/STM32F4xx_HAL_Driver/Src/stm32f4xx_hal_rcc_ex.o
LOAD ./Drivers/STM32F4xx_HAL_Driver/Src/stm32f4xx_hal_spi.o
LOAD ./Drivers/STM32F4xx_HAL_Driver/Src/stm32f4xx_hal_tim.o
LOAD ./Drivers/STM32F4xx_HAL_Driver/Src/stm32f4xx_hal_tim_ex.o
LOAD ./Ethernet/W5500_Driver/socket.o
LOAD ./Ethernet/W5500_Driver/w5500.o
LOAD ./Ethernet/W5500_Driver/wizchip_conf.o
START GROUP
LOAD c:/st/stm32cubeide_1.10.1/stm32cubeide/plugins/com.st.stm32cube.ide.mcu.externaltools.gnu-tools-for-stm32.10.3-2021.10.win32_1.0.100.202210260954/tools/bin/../lib/gcc/arm-none-eabi/10.3.1/../../../../arm-none-eabi/lib/thumb/v7e-m+fp/hard\libc_nano.a
LOAD c:/st/stm32cubeide_1.10.1/stm32cubeide/plugins/com.st.stm32cube.ide.mcu.externaltools.gnu-tools-for-stm32.10.3-2021.10.win32_1.0.100.202210260954/tools/bin/../lib/gcc/arm-none-eabi/10.3.1/../../../../arm-none-eabi/lib/thumb/v7e-m+fp/hard\libm.a
END GROUP
START GROUP
LOAD c:/st/stm32cubeide_1.10.1/stm32cubeide/plugins/com.st.stm32cube.ide.mcu.externaltools.gnu-tools-for-stm32.10.3-2021.10.win32_1.0.100.202210260954/tools/bin/../lib/gcc/arm-none-eabi/10.3.1/thumb/v7e-m+fp/hard\libgcc.a
LOAD c:/st/stm32cubeide_1.10.1/stm32cubeide/plugins/com.st.stm32cube.ide.mcu.externaltools.gnu-tools-for-stm32.10.3-2021.10.win32_1.0.100.202210260954/tools/bin/../lib/gcc/arm-none-eabi/10.3.1/../../../../arm-none-eabi/lib/thumb/v7e-m+fp/hard\libc_nano.a
END GROUP
START GROUP
LOAD c:/st/stm32cubeide_1.10.1/stm32cubeide/plugins/com.st.stm32cube.ide.mcu.externaltools.gnu-tools-for-stm32.10.3-2021.10.win32_1.0.100.202210260954/tools/bin/../lib/gcc/arm-none-eabi/10.3.1/thumb/v7e-m+fp/hard\libgcc.a
LOAD c:/st/stm32cubeide_1.10.1/stm32cubeide/plugins/com.st.stm32cube.ide.mcu.externaltools.gnu-tools-for-stm32.10.3-2021.10.win32_1.0.100.202210260954/tools/bin/../lib/gcc/arm-none-eabi/10.3.1/../../../../arm-none-eabi/lib/thumb/v7e-m+fp/hard\libc_nano.a
LOAD c:/st/stm32cubeide_1.10.1/stm32cubeide/plugins/com.st.stm32cube.ide.mcu.externaltools.gnu-tools-for-stm32.10.3-2021.10.win32_1.0.100.202210260954/tools/bin/../lib/gcc/arm-none-eabi/10.3.1/../../../../arm-none-eabi/lib/thumb/v7e-m+fp/hard\libnosys.a
END GROUP
START GROUP
LOAD c:/st/stm32cubeide_1.10.1/stm32cubeide/plugins/com.st.stm32cube.ide.mcu.externaltools.gnu-tools-for-stm32.10.3-2021.10.win32_1.0.100.202210260954/tools/bin/../lib/gcc/arm-none-eabi/10.3.1/thumb/v7e-m+fp/hard\libgcc.a
LOAD c:/st/stm32cubeide_1.10.1/stm32cubeide/plugins/com.st.stm32cube.ide.mcu.externaltools.gnu-tools-for-stm32.10.3-2021.10.win32_1.0.100.202210260954/tools/bin/../lib/gcc/arm-none-eabi/10.3.1/../../../../arm-none-eabi/lib/thumb/v7e-m+fp/hard\libc_nano.a
LOAD c:/st/stm32cubeide_1.10.1/stm32cubeide/plugins/com.st.stm32cube.ide.mcu.externaltools.gnu-tools-for-stm32.10.3-2021.10.win32_1.0.100.202210260954/tools/bin/../lib/gcc/arm-none-eabi/10.3.1/../../../../arm-none-eabi/lib/thumb/v7e-m+fp/hard\libnosys.a
END GROUP
LOAD c:/st/stm32cubeide_1.10.1/stm32cubeide/plugins/com.st.stm32cube.ide.mcu.externaltools.gnu-tools-for-stm32.10.3-2021.10.win32_1.0.100.202210260954/tools/bin/../lib/gcc/arm-none-eabi/10.3.1/thumb/v7e-m+fp/hard/crtend.o
LOAD c:/st/stm32cubeide_1.10.1/stm32cubeide/plugins/com.st.stm32cube.ide.mcu.externaltools.gnu-tools-for-stm32.10.3-2021.10.win32_1.0.100.202210260954/tools/bin/../lib/gcc/arm-none-eabi/10.3.1/thumb/v7e-m+fp/hard/crtn.o
                0x0000000020020000                _estack = (ORIGIN (RAM) + LENGTH (RAM))
                0x0000000000000200                _Min_Heap_Size = 0x200
                0x0000000000000400                _Min_Stack_Size = 0x400

.isr_vector     0x0000000008000000      0x188
                0x0000000008000000                . = ALIGN (0x4)
 *(.isr_vector)
 .isr_vector    0x0000000008000000      0x188 ./Core/Startup/startup_stm32f407vgtx.o
                0x0000000008000000                g_pfnVectors
                0x0000000008000188                . = ALIGN (0x4)

.text           0x0000000008000188     0x3558
                0x0000000008000188                . = ALIGN (0x4)
 *(.text)
 .text          0x0000000008000188       0x40 c:/st/stm32cubeide_1.10.1/stm32cubeide/plugins/com.st.stm32cube.ide.mcu.externaltools.gnu-tools-for-stm32.10.3-2021.10.win32_1.0.100.202210260954/tools/bin/../lib/gcc/arm-none-eabi/10.3.1/thumb/v7e-m+fp/hard/crtbegin.o
 .text          0x00000000080001c8       0x30 c:/st/stm32cubeide_1.10.1/stm32cubeide/plugins/com.st.stm32cube.ide.mcu.externaltools.gnu-tools-for-stm32.10.3-2021.10.win32_1.0.100.202210260954/tools/bin/../lib/gcc/arm-none-eabi/10.3.1/thumb/v7e-m+fp/hard\libgcc.a(_aeabi_uldivmod.o)
                0x00000000080001c8                __aeabi_uldivmod
 .text          0x00000000080001f8      0x2d0 c:/st/stm32cubeide_1.10.1/stm32cubeide/plugins/com.st.stm32cube.ide.mcu.externaltools.gnu-tools-for-stm32.10.3-2021.10.win32_1.0.100.202210260954/tools/bin/../lib/gcc/arm-none-eabi/10.3.1/thumb/v7e-m+fp/hard\libgcc.a(_udivmoddi4.o)
                0x00000000080001f8                __udivmoddi4
 .text          0x00000000080004c8        0x4 c:/st/stm32cubeide_1.10.1/stm32cubeide/plugins/com.st.stm32cube.ide.mcu.externaltools.gnu-tools-for-stm32.10.3-2021.10.win32_1.0.100.202210260954/tools/bin/../lib/gcc/arm-none-eabi/10.3.1/thumb/v7e-m+fp/hard\libgcc.a(_dvmd_tls.o)
                0x00000000080004c8                __aeabi_idiv0
                0x00000000080004c8                __aeabi_ldiv0
 *(.text*)
 .text.cs_sel   0x00000000080004cc       0x18 ./Core/Src/main.o
                0x00000000080004cc                cs_sel
 .text.cs_desel
                0x00000000080004e4       0x18 ./Core/Src/main.o
                0x00000000080004e4                cs_desel
 .text.spi_rb   0x00000000080004fc       0x24 ./Core/Src/main.o
                0x00000000080004fc                spi_rb
 .text.spi_wb   0x0000000008000520       0x24 ./Core/Src/main.o
                0x0000000008000520                spi_wb
 .text.main     0x0000000008000544      0x180 ./Core/Src/main.o
                0x0000000008000544                main
 .text.SystemClock_Config
                0x00000000080006c4       0xd4 ./Core/Src/main.o
                0x00000000080006c4                SystemClock_Config
 .text.MX_SPI1_Init
                0x0000000008000798       0x6c ./Core/Src/main.o
 .text.MX_GPIO_Init
                0x0000000008000804       0xdc ./Core/Src/main.o
 .text.Error_Handler
                0x00000000080008e0        0xa ./Core/Src/main.o
                0x00000000080008e0                Error_Handler
 *fill*         0x00000000080008ea        0x2 
 .text.HAL_MspInit
                0x00000000080008ec       0x50 ./Core/Src/stm32f4xx_hal_msp.o
                0x00000000080008ec                HAL_MspInit
 .text.HAL_SPI_MspInit
                0x000000000800093c       0x90 ./Core/Src/stm32f4xx_hal_msp.o
                0x000000000800093c                HAL_SPI_MspInit
 .text.NMI_Handler
                0x00000000080009cc        0x6 ./Core/Src/stm32f4xx_it.o
                0x00000000080009cc                NMI_Handler
 .text.HardFault_Handler
                0x00000000080009d2        0x6 ./Core/Src/stm32f4xx_it.o
                0x00000000080009d2                HardFault_Handler
 .text.MemManage_Handler
                0x00000000080009d8        0x6 ./Core/Src/stm32f4xx_it.o
                0x00000000080009d8                MemManage_Handler
 .text.BusFault_Handler
                0x00000000080009de        0x6 ./Core/Src/stm32f4xx_it.o
                0x00000000080009de                BusFault_Handler
 .text.UsageFault_Handler
                0x00000000080009e4        0x6 ./Core/Src/stm32f4xx_it.o
                0x00000000080009e4                UsageFault_Handler
 .text.SVC_Handler
                0x00000000080009ea        0xe ./Core/Src/stm32f4xx_it.o
                0x00000000080009ea                SVC_Handler
 .text.DebugMon_Handler
                0x00000000080009f8        0xe ./Core/Src/stm32f4xx_it.o
                0x00000000080009f8                DebugMon_Handler
 .text.PendSV_Handler
                0x0000000008000a06        0xe ./Core/Src/stm32f4xx_it.o
                0x0000000008000a06                PendSV_Handler
 .text.SysTick_Handler
                0x0000000008000a14        0xc ./Core/Src/stm32f4xx_it.o
                0x0000000008000a14                SysTick_Handler
 .text.SystemInit
                0x0000000008000a20       0x24 ./Core/Src/system_stm32f4xx.o
                0x0000000008000a20                SystemInit
 .text.Reset_Handler
                0x0000000008000a44       0x50 ./Core/Startup/startup_stm32f407vgtx.o
                0x0000000008000a44                Reset_Handler
 .text.Default_Handler
                0x0000000008000a94        0x2 ./Core/Startup/startup_stm32f407vgtx.o
                0x0000000008000a94                RTC_Alarm_IRQHandler
                0x0000000008000a94                HASH_RNG_IRQHandler
                0x0000000008000a94                EXTI2_IRQHandler
                0x0000000008000a94                TIM8_CC_IRQHandler
                0x0000000008000a94                TIM1_CC_IRQHandler
                0x0000000008000a94                DMA2_Stream5_IRQHandler
                0x0000000008000a94                DMA1_Stream5_IRQHandler
                0x0000000008000a94                PVD_IRQHandler
                0x0000000008000a94                SDIO_IRQHandler
                0x0000000008000a94                TAMP_STAMP_IRQHandler
                0x0000000008000a94                CAN2_RX1_IRQHandler
                0x0000000008000a94                EXTI3_IRQHandler
                0x0000000008000a94                TIM8_TRG_COM_TIM14_IRQHandler
                0x0000000008000a94                TIM1_UP_TIM10_IRQHandler
                0x0000000008000a94                TIM8_UP_TIM13_IRQHandler
                0x0000000008000a94                I2C3_ER_IRQHandler
                0x0000000008000a94                EXTI0_IRQHandler
                0x0000000008000a94                I2C2_EV_IRQHandler
                0x0000000008000a94                DMA1_Stream2_IRQHandler
                0x0000000008000a94                CAN1_RX0_IRQHandler
                0x0000000008000a94                FPU_IRQHandler
                0x0000000008000a94                OTG_HS_WKUP_IRQHandler
                0x0000000008000a94                CAN2_SCE_IRQHandler
                0x0000000008000a94                DMA2_Stream2_IRQHandler
                0x0000000008000a94                SPI1_IRQHandler
                0x0000000008000a94                TIM6_DAC_IRQHandler
                0x0000000008000a94                TIM1_BRK_TIM9_IRQHandler
                0x0000000008000a94                DCMI_IRQHandler
                0x0000000008000a94                CAN2_RX0_IRQHandler
                0x0000000008000a94                DMA2_Stream3_IRQHandler
                0x0000000008000a94                USART6_IRQHandler
                0x0000000008000a94                USART3_IRQHandler
                0x0000000008000a94                CAN1_RX1_IRQHandler
                0x0000000008000a94                UART5_IRQHandler
                0x0000000008000a94                DMA2_Stream0_IRQHandler
                0x0000000008000a94                TIM4_IRQHandler
                0x0000000008000a94                I2C1_EV_IRQHandler
                0x0000000008000a94                DMA1_Stream6_IRQHandler
                0x0000000008000a94                DMA1_Stream1_IRQHandler
                0x0000000008000a94                UART4_IRQHandler
                0x0000000008000a94                TIM3_IRQHandler
                0x0000000008000a94                RCC_IRQHandler
                0x0000000008000a94                TIM8_BRK_TIM12_IRQHandler
                0x0000000008000a94                Default_Handler
                0x0000000008000a94                EXTI15_10_IRQHandler
                0x0000000008000a94                ADC_IRQHandler
                0x0000000008000a94                DMA1_Stream7_IRQHandler
                0x0000000008000a94                TIM7_IRQHandler
                0x0000000008000a94                CAN2_TX_IRQHandler
                0x0000000008000a94                TIM5_IRQHandler
                0x0000000008000a94                DMA2_Stream7_IRQHandler
                0x0000000008000a94                I2C3_EV_IRQHandler
                0x0000000008000a94                EXTI9_5_IRQHandler
                0x0000000008000a94                RTC_WKUP_IRQHandler
                0x0000000008000a94                ETH_WKUP_IRQHandler
                0x0000000008000a94                SPI2_IRQHandler
                0x0000000008000a94                OTG_HS_EP1_IN_IRQHandler
                0x0000000008000a94                DMA1_Stream0_IRQHandler
                0x0000000008000a94                CAN1_TX_IRQHandler
                0x0000000008000a94                EXTI4_IRQHandler
                0x0000000008000a94                FSMC_IRQHandler
                0x0000000008000a94                ETH_IRQHandler
                0x0000000008000a94                OTG_HS_EP1_OUT_IRQHandler
                0x0000000008000a94                WWDG_IRQHandler
                0x0000000008000a94                TIM2_IRQHandler
                0x0000000008000a94                OTG_FS_WKUP_IRQHandler
                0x0000000008000a94                TIM1_TRG_COM_TIM11_IRQHandler
                0x0000000008000a94                OTG_HS_IRQHandler
                0x0000000008000a94                EXTI1_IRQHandler
                0x0000000008000a94                USART2_IRQHandler
                0x0000000008000a94                I2C2_ER_IRQHandler
                0x0000000008000a94                DMA2_Stream1_IRQHandler
                0x0000000008000a94                CAN1_SCE_IRQHandler
                0x0000000008000a94                FLASH_IRQHandler
                0x0000000008000a94                DMA2_Stream4_IRQHandler
                0x0000000008000a94                USART1_IRQHandler
                0x0000000008000a94                OTG_FS_IRQHandler
                0x0000000008000a94                SPI3_IRQHandler
                0x0000000008000a94                DMA1_Stream4_IRQHandler
                0x0000000008000a94                I2C1_ER_IRQHandler
                0x0000000008000a94                DMA2_Stream6_IRQHandler
                0x0000000008000a94                DMA1_Stream3_IRQHandler
 *fill*         0x0000000008000a96        0x2 
 .text.HAL_Init
                0x0000000008000a98       0x44 ./Drivers/STM32F4xx_HAL_Driver/Src/stm32f4xx_hal.o
                0x0000000008000a98                HAL_Init
 .text.HAL_InitTick
                0x0000000008000adc       0x60 ./Drivers/STM32F4xx_HAL_Driver/Src/stm32f4xx_hal.o
                0x0000000008000adc                HAL_InitTick
 .text.HAL_IncTick
                0x0000000008000b3c       0x28 ./Drivers/STM32F4xx_HAL_Driver/Src/stm32f4xx_hal.o
                0x0000000008000b3c                HAL_IncTick
 .text.HAL_GetTick
                0x0000000008000b64       0x18 ./Drivers/STM32F4xx_HAL_Driver/Src/stm32f4xx_hal.o
                0x0000000008000b64                HAL_GetTick
 .text.HAL_Delay
                0x0000000008000b7c       0x48 ./Drivers/STM32F4xx_HAL_Driver/Src/stm32f4xx_hal.o
                0x0000000008000b7c                HAL_Delay
 .text.__NVIC_SetPriorityGrouping
                0x0000000008000bc4       0x48 ./Drivers/STM32F4xx_HAL_Driver/Src/stm32f4xx_hal_cortex.o
 .text.__NVIC_GetPriorityGrouping
                0x0000000008000c0c       0x1c ./Drivers/STM32F4xx_HAL_Driver/Src/stm32f4xx_hal_cortex.o
 .text.__NVIC_SetPriority
                0x0000000008000c28       0x54 ./Drivers/STM32F4xx_HAL_Driver/Src/stm32f4xx_hal_cortex.o
 .text.NVIC_EncodePriority
                0x0000000008000c7c       0x66 ./Drivers/STM32F4xx_HAL_Driver/Src/stm32f4xx_hal_cortex.o
 *fill*         0x0000000008000ce2        0x2 
 .text.SysTick_Config
                0x0000000008000ce4       0x44 ./Drivers/STM32F4xx_HAL_Driver/Src/stm32f4xx_hal_cortex.o
 .text.HAL_NVIC_SetPriorityGrouping
                0x0000000008000d28       0x16 ./Drivers/STM32F4xx_HAL_Driver/Src/stm32f4xx_hal_cortex.o
                0x0000000008000d28                HAL_NVIC_SetPriorityGrouping
 .text.HAL_NVIC_SetPriority
                0x0000000008000d3e       0x38 ./Drivers/STM32F4xx_HAL_Driver/Src/stm32f4xx_hal_cortex.o
                0x0000000008000d3e                HAL_NVIC_SetPriority
 .text.HAL_SYSTICK_Config
                0x0000000008000d76       0x18 ./Drivers/STM32F4xx_HAL_Driver/Src/stm32f4xx_hal_cortex.o
                0x0000000008000d76                HAL_SYSTICK_Config
 *fill*         0x0000000008000d8e        0x2 
 .text.HAL_GPIO_Init
                0x0000000008000d90      0x338 ./Drivers/STM32F4xx_HAL_Driver/Src/stm32f4xx_hal_gpio.o
                0x0000000008000d90                HAL_GPIO_Init
 .text.HAL_GPIO_WritePin
                0x00000000080010c8       0x32 ./Drivers/STM32F4xx_HAL_Driver/Src/stm32f4xx_hal_gpio.o
                0x00000000080010c8                HAL_GPIO_WritePin
 *fill*         0x00000000080010fa        0x2 
 .text.HAL_RCC_OscConfig
                0x00000000080010fc      0x4f0 ./Drivers/STM32F4xx_HAL_Driver/Src/stm32f4xx_hal_rcc.o
                0x00000000080010fc                HAL_RCC_OscConfig
 .text.HAL_RCC_ClockConfig
                0x00000000080015ec      0x1cc ./Drivers/STM32F4xx_HAL_Driver/Src/stm32f4xx_hal_rcc.o
                0x00000000080015ec                HAL_RCC_ClockConfig
 .text.HAL_RCC_GetSysClockFreq
                0x00000000080017b8      0x20c ./Drivers/STM32F4xx_HAL_Driver/Src/stm32f4xx_hal_rcc.o
                0x00000000080017b8                HAL_RCC_GetSysClockFreq
 .text.HAL_SPI_Init
                0x00000000080019c4      0x112 ./Drivers/STM32F4xx_HAL_Driver/Src/stm32f4xx_hal_spi.o
                0x00000000080019c4                HAL_SPI_Init
 .text.HAL_SPI_Transmit
                0x0000000008001ad6      0x278 ./Drivers/STM32F4xx_HAL_Driver/Src/stm32f4xx_hal_spi.o
                0x0000000008001ad6                HAL_SPI_Transmit
 .text.HAL_SPI_Receive
                0x0000000008001d4e      0x222 ./Drivers/STM32F4xx_HAL_Driver/Src/stm32f4xx_hal_spi.o
                0x0000000008001d4e                HAL_SPI_Receive
 .text.HAL_SPI_TransmitReceive
                0x0000000008001f70      0x344 ./Drivers/STM32F4xx_HAL_Driver/Src/stm32f4xx_hal_spi.o
                0x0000000008001f70                HAL_SPI_TransmitReceive
 .text.SPI_WaitFlagStateUntilTimeout
                0x00000000080022b4      0x110 ./Drivers/STM32F4xx_HAL_Driver/Src/stm32f4xx_hal_spi.o
 .text.SPI_EndRxTransaction
                0x00000000080023c4       0xca ./Drivers/STM32F4xx_HAL_Driver/Src/stm32f4xx_hal_spi.o
 *fill*         0x000000000800248e        0x2 
 .text.SPI_EndRxTxTransaction
                0x0000000008002490       0x84 ./Drivers/STM32F4xx_HAL_Driver/Src/stm32f4xx_hal_spi.o
 .text.socket   0x0000000008002514      0x22c ./Ethernet/W5500_Driver/socket.o
                0x0000000008002514                socket
 .text.close    0x0000000008002740       0xdc ./Ethernet/W5500_Driver/socket.o
                0x0000000008002740                close
 .text.connect  0x000000000800281c      0x1b8 ./Ethernet/W5500_Driver/socket.o
                0x000000000800281c                connect
 .text.send     0x00000000080029d4      0x1f4 ./Ethernet/W5500_Driver/socket.o
                0x00000000080029d4                send
 .text.recv     0x0000000008002bc8      0x16c ./Ethernet/W5500_Driver/socket.o
                0x0000000008002bc8                recv
 .text.WIZCHIP_READ
                0x0000000008002d34       0x98 ./Ethernet/W5500_Driver/w5500.o
                0x0000000008002d34                WIZCHIP_READ
 .text.WIZCHIP_WRITE
                0x0000000008002dcc       0x9c ./Ethernet/W5500_Driver/w5500.o
                0x0000000008002dcc                WIZCHIP_WRITE
 .text.WIZCHIP_READ_BUF
                0x0000000008002e68       0xc0 ./Ethernet/W5500_Driver/w5500.o
                0x0000000008002e68                WIZCHIP_READ_BUF
 .text.WIZCHIP_WRITE_BUF
                0x0000000008002f28       0xc0 ./Ethernet/W5500_Driver/w5500.o
                0x0000000008002f28                WIZCHIP_WRITE_BUF
 .text.getSn_TX_FSR
                0x0000000008002fe8       0x96 ./Ethernet/W5500_Driver/w5500.o
                0x0000000008002fe8                getSn_TX_FSR
 .text.getSn_RX_RSR
                0x000000000800307e       0x96 ./Ethernet/W5500_Driver/w5500.o
                0x000000000800307e                getSn_RX_RSR
 .text.wiz_send_data
                0x0000000008003114       0xb8 ./Ethernet/W5500_Driver/w5500.o
                0x0000000008003114                wiz_send_data
 .text.wiz_recv_data
                0x00000000080031cc       0xb8 ./Ethernet/W5500_Driver/w5500.o
                0x00000000080031cc                wiz_recv_data
 .text.wizchip_cris_enter
                0x0000000008003284        0xe ./Ethernet/W5500_Driver/wizchip_conf.o
                0x0000000008003284                wizchip_cris_enter
 .text.wizchip_cris_exit
                0x0000000008003292        0xe ./Ethernet/W5500_Driver/wizchip_conf.o
                0x0000000008003292                wizchip_cris_exit
 .text.wizchip_cs_select
                0x00000000080032a0        0xe ./Ethernet/W5500_Driver/wizchip_conf.o
                0x00000000080032a0                wizchip_cs_select
 .text.wizchip_cs_deselect
                0x00000000080032ae        0xe ./Ethernet/W5500_Driver/wizchip_conf.o
                0x00000000080032ae                wizchip_cs_deselect
 .text.wizchip_bus_readdata
                0x00000000080032bc       0x1a ./Ethernet/W5500_Driver/wizchip_conf.o
                0x00000000080032bc                wizchip_bus_readdata
 .text.wizchip_bus_writedata
                0x00000000080032d6       0x1e ./Ethernet/W5500_Driver/wizchip_conf.o
                0x00000000080032d6                wizchip_bus_writedata
 .text.wizchip_spi_readbyte
                0x00000000080032f4       0x10 ./Ethernet/W5500_Driver/wizchip_conf.o
                0x00000000080032f4                wizchip_spi_readbyte
 .text.wizchip_spi_writebyte
                0x0000000008003304       0x16 ./Ethernet/W5500_Driver/wizchip_conf.o
                0x0000000008003304                wizchip_spi_writebyte
 *fill*         0x000000000800331a        0x2 
 .text.reg_wizchip_cs_cbfunc
                0x000000000800331c       0x4c ./Ethernet/W5500_Driver/wizchip_conf.o
                0x000000000800331c                reg_wizchip_cs_cbfunc
 .text.reg_wizchip_spi_cbfunc
                0x0000000008003368       0x58 ./Ethernet/W5500_Driver/wizchip_conf.o
                0x0000000008003368                reg_wizchip_spi_cbfunc
 .text.wizchip_sw_reset
                0x00000000080033c0       0x98 ./Ethernet/W5500_Driver/wizchip_conf.o
                0x00000000080033c0                wizchip_sw_reset
 .text.wizchip_init
                0x0000000008003458      0x118 ./Ethernet/W5500_Driver/wizchip_conf.o
                0x0000000008003458                wizchip_init
 .text.wizchip_setnetinfo
                0x0000000008003570       0x80 ./Ethernet/W5500_Driver/wizchip_conf.o
                0x0000000008003570                wizchip_setnetinfo
 .text.wizchip_getnetinfo
                0x00000000080035f0       0x80 ./Ethernet/W5500_Driver/wizchip_conf.o
                0x00000000080035f0                wizchip_getnetinfo
 .text.__libc_init_array
                0x0000000008003670       0x48 c:/st/stm32cubeide_1.10.1/stm32cubeide/plugins/com.st.stm32cube.ide.mcu.externaltools.gnu-tools-for-stm32.10.3-2021.10.win32_1.0.100.202210260954/tools/bin/../lib/gcc/arm-none-eabi/10.3.1/../../../../arm-none-eabi/lib/thumb/v7e-m+fp/hard\libc_nano.a(lib_a-init.o)
                0x0000000008003670                __libc_init_array
 .text.memset   0x00000000080036b8       0x10 c:/st/stm32cubeide_1.10.1/stm32cubeide/plugins/com.st.stm32cube.ide.mcu.externaltools.gnu-tools-for-stm32.10.3-2021.10.win32_1.0.100.202210260954/tools/bin/../lib/gcc/arm-none-eabi/10.3.1/../../../../arm-none-eabi/lib/thumb/v7e-m+fp/hard\libc_nano.a(lib_a-memset.o)
                0x00000000080036b8                memset
 *(.glue_7)
 .glue_7        0x00000000080036c8        0x0 linker stubs
 *(.glue_7t)
 .glue_7t       0x00000000080036c8        0x0 linker stubs
 *(.eh_frame)
 .eh_frame      0x00000000080036c8        0x0 c:/st/stm32cubeide_1.10.1/stm32cubeide/plugins/com.st.stm32cube.ide.mcu.externaltools.gnu-tools-for-stm32.10.3-2021.10.win32_1.0.100.202210260954/tools/bin/../lib/gcc/arm-none-eabi/10.3.1/thumb/v7e-m+fp/hard/crtbegin.o
 *(.init)
 .init          0x00000000080036c8        0x4 c:/st/stm32cubeide_1.10.1/stm32cubeide/plugins/com.st.stm32cube.ide.mcu.externaltools.gnu-tools-for-stm32.10.3-2021.10.win32_1.0.100.202210260954/tools/bin/../lib/gcc/arm-none-eabi/10.3.1/thumb/v7e-m+fp/hard/crti.o
                0x00000000080036c8                _init
 .init          0x00000000080036cc        0x8 c:/st/stm32cubeide_1.10.1/stm32cubeide/plugins/com.st.stm32cube.ide.mcu.externaltools.gnu-tools-for-stm32.10.3-2021.10.win32_1.0.100.202210260954/tools/bin/../lib/gcc/arm-none-eabi/10.3.1/thumb/v7e-m+fp/hard/crtn.o
 *(.fini)
 .fini          0x00000000080036d4        0x4 c:/st/stm32cubeide_1.10.1/stm32cubeide/plugins/com.st.stm32cube.ide.mcu.externaltools.gnu-tools-for-stm32.10.3-2021.10.win32_1.0.100.202210260954/tools/bin/../lib/gcc/arm-none-eabi/10.3.1/thumb/v7e-m+fp/hard/crti.o
                0x00000000080036d4                _fini
 .fini          0x00000000080036d8        0x8 c:/st/stm32cubeide_1.10.1/stm32cubeide/plugins/com.st.stm32cube.ide.mcu.externaltools.gnu-tools-for-stm32.10.3-2021.10.win32_1.0.100.202210260954/tools/bin/../lib/gcc/arm-none-eabi/10.3.1/thumb/v7e-m+fp/hard/crtn.o
                0x00000000080036e0                . = ALIGN (0x4)
                0x00000000080036e0                _etext = .

.vfp11_veneer   0x00000000080036e0        0x0
 .vfp11_veneer  0x00000000080036e0        0x0 linker stubs

.v4_bx          0x00000000080036e0        0x0
 .v4_bx         0x00000000080036e0        0x0 linker stubs

.iplt           0x00000000080036e0        0x0
 .iplt          0x00000000080036e0        0x0 c:/st/stm32cubeide_1.10.1/stm32cubeide/plugins/com.st.stm32cube.ide.mcu.externaltools.gnu-tools-for-stm32.10.3-2021.10.win32_1.0.100.202210260954/tools/bin/../lib/gcc/arm-none-eabi/10.3.1/thumb/v7e-m+fp/hard/crtbegin.o

.rodata         0x00000000080036e0       0x7c
                0x00000000080036e0                . = ALIGN (0x4)
 *(.rodata)
 .rodata        0x00000000080036e0       0x6c ./Core/Src/main.o
 *(.rodata*)
 .rodata.AHBPrescTable
                0x000000000800374c       0x10 ./Core/Src/system_stm32f4xx.o
                0x000000000800374c                AHBPrescTable
                0x000000000800375c                . = ALIGN (0x4)

.ARM.extab      0x000000000800375c        0x0
                0x000000000800375c                . = ALIGN (0x4)
 *(.ARM.extab* .gnu.linkonce.armextab.*)
                0x000000000800375c                . = ALIGN (0x4)

.ARM            0x000000000800375c        0x8
                0x000000000800375c                . = ALIGN (0x4)
                0x000000000800375c                __exidx_start = .
 *(.ARM.exidx*)
 .ARM.exidx     0x000000000800375c        0x8 c:/st/stm32cubeide_1.10.1/stm32cubeide/plugins/com.st.stm32cube.ide.mcu.externaltools.gnu-tools-for-stm32.10.3-2021.10.win32_1.0.100.202210260954/tools/bin/../lib/gcc/arm-none-eabi/10.3.1/thumb/v7e-m+fp/hard\libgcc.a(_udivmoddi4.o)
                0x0000000008003764                __exidx_end = .
                0x0000000008003764                . = ALIGN (0x4)

.rel.dyn        0x0000000008003764        0x0
 .rel.iplt      0x0000000008003764        0x0 c:/st/stm32cubeide_1.10.1/stm32cubeide/plugins/com.st.stm32cube.ide.mcu.externaltools.gnu-tools-for-stm32.10.3-2021.10.win32_1.0.100.202210260954/tools/bin/../lib/gcc/arm-none-eabi/10.3.1/thumb/v7e-m+fp/hard/crtbegin.o

.preinit_array  0x0000000008003764        0x0
                0x0000000008003764                . = ALIGN (0x4)
                0x0000000008003764                PROVIDE (__preinit_array_start = .)
 *(.preinit_array*)
                0x0000000008003764                PROVIDE (__preinit_array_end = .)
                0x0000000008003764                . = ALIGN (0x4)

.init_array     0x0000000008003764        0x4
                0x0000000008003764                . = ALIGN (0x4)
                0x0000000008003764                PROVIDE (__init_array_start = .)
 *(SORT_BY_NAME(.init_array.*))
 *(.init_array*)
 .init_array    0x0000000008003764        0x4 c:/st/stm32cubeide_1.10.1/stm32cubeide/plugins/com.st.stm32cube.ide.mcu.externaltools.gnu-tools-for-stm32.10.3-2021.10.win32_1.0.100.202210260954/tools/bin/../lib/gcc/arm-none-eabi/10.3.1/thumb/v7e-m+fp/hard/crtbegin.o
                0x0000000008003768                PROVIDE (__init_array_end = .)
                0x0000000008003768                . = ALIGN (0x4)

.fini_array     0x0000000008003768        0x4
                0x0000000008003768                . = ALIGN (0x4)
                [!provide]                        PROVIDE (__fini_array_start = .)
 *(SORT_BY_NAME(.fini_array.*))
 *(.fini_array*)
 .fini_array    0x0000000008003768        0x4 c:/st/stm32cubeide_1.10.1/stm32cubeide/plugins/com.st.stm32cube.ide.mcu.externaltools.gnu-tools-for-stm32.10.3-2021.10.win32_1.0.100.202210260954/tools/bin/../lib/gcc/arm-none-eabi/10.3.1/thumb/v7e-m+fp/hard/crtbegin.o
                [!provide]                        PROVIDE (__fini_array_end = .)
                0x000000000800376c                . = ALIGN (0x4)
                0x000000000800376c                _sidata = LOADADDR (.data)

.data           0x0000000020000000       0x38 load address 0x000000000800376c
                0x0000000020000000                . = ALIGN (0x4)
                0x0000000020000000                _sdata = .
 *(.data)
 *(.data*)
 .data.SystemCoreClock
                0x0000000020000000        0x4 ./Core/Src/system_stm32f4xx.o
                0x0000000020000000                SystemCoreClock
 .data.uwTickPrio
                0x0000000020000004        0x4 ./Drivers/STM32F4xx_HAL_Driver/Src/stm32f4xx_hal.o
                0x0000000020000004                uwTickPrio
 .data.uwTickFreq
                0x0000000020000008        0x1 ./Drivers/STM32F4xx_HAL_Driver/Src/stm32f4xx_hal.o
                0x0000000020000008                uwTickFreq
 *fill*         0x0000000020000009        0x1 
 .data.sock_any_port
                0x000000002000000a        0x2 ./Ethernet/W5500_Driver/socket.o
 .data.WIZCHIP  0x000000002000000c       0x2c ./Ethernet/W5500_Driver/wizchip_conf.o
                0x000000002000000c                WIZCHIP
 *(.RamFunc)
 *(.RamFunc*)
                0x0000000020000038                . = ALIGN (0x4)
                0x0000000020000038                _edata = .
                0x00000000080037a4                _siccmram = LOADADDR (.ccmram)

.igot.plt       0x0000000020000038        0x0 load address 0x00000000080037a4
 .igot.plt      0x0000000020000038        0x0 c:/st/stm32cubeide_1.10.1/stm32cubeide/plugins/com.st.stm32cube.ide.mcu.externaltools.gnu-tools-for-stm32.10.3-2021.10.win32_1.0.100.202210260954/tools/bin/../lib/gcc/arm-none-eabi/10.3.1/thumb/v7e-m+fp/hard/crtbegin.o

.ccmram         0x0000000010000000        0x0 load address 0x00000000080037a4
                0x0000000010000000                . = ALIGN (0x4)
                0x0000000010000000                _sccmram = .
 *(.ccmram)
 *(.ccmram*)
                0x0000000010000000                . = ALIGN (0x4)
                0x0000000010000000                _eccmram = .
                0x0000000010000000                . = ALIGN (0x4)

.bss            0x0000000020000038       0x9c
                0x0000000020000038                _sbss = .
                0x0000000020000038                __bss_start__ = _sbss
 *(.bss)
 .bss           0x0000000020000038       0x1c c:/st/stm32cubeide_1.10.1/stm32cubeide/plugins/com.st.stm32cube.ide.mcu.externaltools.gnu-tools-for-stm32.10.3-2021.10.win32_1.0.100.202210260954/tools/bin/../lib/gcc/arm-none-eabi/10.3.1/thumb/v7e-m+fp/hard/crtbegin.o
 *(.bss*)
 .bss.hspi1     0x0000000020000054       0x58 ./Core/Src/main.o
                0x0000000020000054                hspi1
 .bss.uwTick    0x00000000200000ac        0x4 ./Drivers/STM32F4xx_HAL_Driver/Src/stm32f4xx_hal.o
                0x00000000200000ac                uwTick
 .bss.sock_io_mode
                0x00000000200000b0        0x2 ./Ethernet/W5500_Driver/socket.o
 .bss.sock_is_sending
                0x00000000200000b2        0x2 ./Ethernet/W5500_Driver/socket.o
 .bss.sock_remained_size
                0x00000000200000b4       0x10 ./Ethernet/W5500_Driver/socket.o
 .bss.sock_pack_info
                0x00000000200000c4        0x8 ./Ethernet/W5500_Driver/socket.o
                0x00000000200000c4                sock_pack_info
 .bss._DNS_     0x00000000200000cc        0x4 ./Ethernet/W5500_Driver/wizchip_conf.o
 .bss._DHCP_    0x00000000200000d0        0x1 ./Ethernet/W5500_Driver/wizchip_conf.o
 *(COMMON)
                0x00000000200000d4                . = ALIGN (0x4)
 *fill*         0x00000000200000d1        0x3 
                0x00000000200000d4                _ebss = .
                0x00000000200000d4                __bss_end__ = _ebss

._user_heap_stack
                0x00000000200000d4      0x604
                0x00000000200000d8                . = ALIGN (0x8)
 *fill*         0x00000000200000d4        0x4 
                [!provide]                        PROVIDE (end = .)
                0x00000000200000d8                PROVIDE (_end = .)
                0x00000000200002d8                . = (. + _Min_Heap_Size)
 *fill*         0x00000000200000d8      0x200 
                0x00000000200006d8                . = (. + _Min_Stack_Size)
 *fill*         0x00000000200002d8      0x400 
                0x00000000200006d8                . = ALIGN (0x8)

/DISCARD/
 libc.a(*)
 libm.a(*)
 libgcc.a(*)

.ARM.attributes
                0x0000000000000000       0x30
 *(.ARM.attributes)
 .ARM.attributes
                0x0000000000000000       0x1e c:/st/stm32cubeide_1.10.1/stm32cubeide/plugins/com.st.stm32cube.ide.mcu.externaltools.gnu-tools-for-stm32.10.3-2021.10.win32_1.0.100.202210260954/tools/bin/../lib/gcc/arm-none-eabi/10.3.1/thumb/v7e-m+fp/hard/crti.o
 .ARM.attributes
                0x000000000000001e       0x34 c:/st/stm32cubeide_1.10.1/stm32cubeide/plugins/com.st.stm32cube.ide.mcu.externaltools.gnu-tools-for-stm32.10.3-2021.10.win32_1.0.100.202210260954/tools/bin/../lib/gcc/arm-none-eabi/10.3.1/thumb/v7e-m+fp/hard/crtbegin.o
 .ARM.attributes
                0x0000000000000052       0x34 ./Core/Src/main.o
 .ARM.attributes
                0x0000000000000086       0x34 ./Core/Src/stm32f4xx_hal_msp.o
 .ARM.attributes
                0x00000000000000ba       0x34 ./Core/Src/stm32f4xx_it.o
 .ARM.attributes
                0x00000000000000ee       0x34 ./Core/Src/system_stm32f4xx.o
 .ARM.attributes
                0x0000000000000122       0x21 ./Core/Startup/startup_stm32f407vgtx.o
 .ARM.attributes
                0x0000000000000143       0x34 ./Drivers/STM32F4xx_HAL_Driver/Src/stm32f4xx_hal.o
 .ARM.attributes
                0x0000000000000177       0x34 ./Drivers/STM32F4xx_HAL_Driver/Src/stm32f4xx_hal_cortex.o
 .ARM.attributes
                0x00000000000001ab       0x34 ./Drivers/STM32F4xx_HAL_Driver/Src/stm32f4xx_hal_gpio.o
 .ARM.attributes
                0x00000000000001df       0x34 ./Drivers/STM32F4xx_HAL_Driver/Src/stm32f4xx_hal_rcc.o
 .ARM.attributes
                0x0000000000000213       0x34 ./Drivers/STM32F4xx_HAL_Driver/Src/stm32f4xx_hal_spi.o
 .ARM.attributes
                0x0000000000000247       0x34 ./Ethernet/W5500_Driver/socket.o
 .ARM.attributes
                0x000000000000027b       0x34 ./Ethernet/W5500_Driver/w5500.o
 .ARM.attributes
                0x00000000000002af       0x34 ./Ethernet/W5500_Driver/wizchip_conf.o
 .ARM.attributes
                0x00000000000002e3       0x34 c:/st/stm32cubeide_1.10.1/stm32cubeide/plugins/com.st.stm32cube.ide.mcu.externaltools.gnu-tools-for-stm32.10.3-2021.10.win32_1.0.100.202210260954/tools/bin/../lib/gcc/arm-none-eabi/10.3.1/../../../../arm-none-eabi/lib/thumb/v7e-m+fp/hard\libc_nano.a(lib_a-init.o)
 .ARM.attributes
                0x0000000000000317       0x34 c:/st/stm32cubeide_1.10.1/stm32cubeide/plugins/com.st.stm32cube.ide.mcu.externaltools.gnu-tools-for-stm32.10.3-2021.10.win32_1.0.100.202210260954/tools/bin/../lib/gcc/arm-none-eabi/10.3.1/../../../../arm-none-eabi/lib/thumb/v7e-m+fp/hard\libc_nano.a(lib_a-memset.o)
 .ARM.attributes
                0x000000000000034b       0x1e c:/st/stm32cubeide_1.10.1/stm32cubeide/plugins/com.st.stm32cube.ide.mcu.externaltools.gnu-tools-for-stm32.10.3-2021.10.win32_1.0.100.202210260954/tools/bin/../lib/gcc/arm-none-eabi/10.3.1/thumb/v7e-m+fp/hard\libgcc.a(_aeabi_uldivmod.o)
 .ARM.attributes
                0x0000000000000369       0x34 c:/st/stm32cubeide_1.10.1/stm32cubeide/plugins/com.st.stm32cube.ide.mcu.externaltools.gnu-tools-for-stm32.10.3-2021.10.win32_1.0.100.202210260954/tools/bin/../lib/gcc/arm-none-eabi/10.3.1/thumb/v7e-m+fp/hard\libgcc.a(_udivmoddi4.o)
 .ARM.attributes
                0x000000000000039d       0x1e c:/st/stm32cubeide_1.10.1/stm32cubeide/plugins/com.st.stm32cube.ide.mcu.externaltools.gnu-tools-for-stm32.10.3-2021.10.win32_1.0.100.202210260954/tools/bin/../lib/gcc/arm-none-eabi/10.3.1/thumb/v7e-m+fp/hard\libgcc.a(_dvmd_tls.o)
 .ARM.attributes
                0x00000000000003bb       0x1e c:/st/stm32cubeide_1.10.1/stm32cubeide/plugins/com.st.stm32cube.ide.mcu.externaltools.gnu-tools-for-stm32.10.3-2021.10.win32_1.0.100.202210260954/tools/bin/../lib/gcc/arm-none-eabi/10.3.1/thumb/v7e-m+fp/hard/crtn.o
OUTPUT(001Modbus.elf elf32-littlearm)
LOAD linker stubs
LOAD c:/st/stm32cubeide_1.10.1/stm32cubeide/plugins/com.st.stm32cube.ide.mcu.externaltools.gnu-tools-for-stm32.10.3-2021.10.win32_1.0.100.202210260954/tools/bin/../lib/gcc/arm-none-eabi/10.3.1/../../../../arm-none-eabi/lib/thumb/v7e-m+fp/hard\libc.a
LOAD c:/st/stm32cubeide_1.10.1/stm32cubeide/plugins/com.st.stm32cube.ide.mcu.externaltools.gnu-tools-for-stm32.10.3-2021.10.win32_1.0.100.202210260954/tools/bin/../lib/gcc/arm-none-eabi/10.3.1/../../../../arm-none-eabi/lib/thumb/v7e-m+fp/hard\libm.a
LOAD c:/st/stm32cubeide_1.10.1/stm32cubeide/plugins/com.st.stm32cube.ide.mcu.externaltools.gnu-tools-for-stm32.10.3-2021.10.win32_1.0.100.202210260954/tools/bin/../lib/gcc/arm-none-eabi/10.3.1/thumb/v7e-m+fp/hard\libgcc.a

.debug_info     0x0000000000000000     0x7e27
 .debug_info    0x0000000000000000     0x13f3 ./Core/Src/main.o
 .debug_info    0x00000000000013f3      0x9c9 ./Core/Src/stm32f4xx_hal_msp.o
 .debug_info    0x0000000000001dbc      0x121 ./Core/Src/stm32f4xx_it.o
 .debug_info    0x0000000000001edd      0x523 ./Core/Src/system_stm32f4xx.o
 .debug_info    0x0000000000002400       0x22 ./Core/Startup/startup_stm32f407vgtx.o
 .debug_info    0x0000000000002422      0x97c ./Drivers/STM32F4xx_HAL_Driver/Src/stm32f4xx_hal.o
 .debug_info    0x0000000000002d9e      0xe1b ./Drivers/STM32F4xx_HAL_Driver/Src/stm32f4xx_hal_cortex.o
 .debug_info    0x0000000000003bb9      0x76a ./Drivers/STM32F4xx_HAL_Driver/Src/stm32f4xx_hal_gpio.o
 .debug_info    0x0000000000004323      0x966 ./Drivers/STM32F4xx_HAL_Driver/Src/stm32f4xx_hal_rcc.o
 .debug_info    0x0000000000004c89     0x1758 ./Drivers/STM32F4xx_HAL_Driver/Src/stm32f4xx_hal_spi.o
 .debug_info    0x00000000000063e1      0x78a ./Ethernet/W5500_Driver/socket.o
 .debug_info    0x0000000000006b6b      0x586 ./Ethernet/W5500_Driver/w5500.o
 .debug_info    0x00000000000070f1      0xd36 ./Ethernet/W5500_Driver/wizchip_conf.o

.debug_abbrev   0x0000000000000000     0x1993
 .debug_abbrev  0x0000000000000000      0x386 ./Core/Src/main.o
 .debug_abbrev  0x0000000000000386      0x1a9 ./Core/Src/stm32f4xx_hal_msp.o
 .debug_abbrev  0x000000000000052f       0x74 ./Core/Src/stm32f4xx_it.o
 .debug_abbrev  0x00000000000005a3      0x116 ./Core/Src/system_stm32f4xx.o
 .debug_abbrev  0x00000000000006b9       0x12 ./Core/Startup/startup_stm32f407vgtx.o
 .debug_abbrev  0x00000000000006cb      0x20d ./Drivers/STM32F4xx_HAL_Driver/Src/stm32f4xx_hal.o
 .debug_abbrev  0x00000000000008d8      0x316 ./Drivers/STM32F4xx_HAL_Driver/Src/stm32f4xx_hal_cortex.o
 .debug_abbrev  0x0000000000000bee      0x1c4 ./Drivers/STM32F4xx_HAL_Driver/Src/stm32f4xx_hal_gpio.o
 .debug_abbrev  0x0000000000000db2      0x2aa ./Drivers/STM32F4xx_HAL_Driver/Src/stm32f4xx_hal_rcc.o
 .debug_abbrev  0x000000000000105c      0x26e ./Drivers/STM32F4xx_HAL_Driver/Src/stm32f4xx_hal_spi.o
 .debug_abbrev  0x00000000000012ca      0x1ae ./Ethernet/W5500_Driver/socket.o
 .debug_abbrev  0x0000000000001478      0x211 ./Ethernet/W5500_Driver/w5500.o
 .debug_abbrev  0x0000000000001689      0x30a ./Ethernet/W5500_Driver/wizchip_conf.o

.debug_aranges  0x0000000000000000      0x860
 .debug_aranges
                0x0000000000000000       0xb8 ./Core/Src/main.o
 .debug_aranges
                0x00000000000000b8       0x30 ./Core/Src/stm32f4xx_hal_msp.o
 .debug_aranges
                0x00000000000000e8       0x60 ./Core/Src/stm32f4xx_it.o
 .debug_aranges
                0x0000000000000148       0x28 ./Core/Src/system_stm32f4xx.o
 .debug_aranges
                0x0000000000000170       0x28 ./Core/Startup/startup_stm32f407vgtx.o
 .debug_aranges
                0x0000000000000198       0xf0 ./Drivers/STM32F4xx_HAL_Driver/Src/stm32f4xx_hal.o
 .debug_aranges
                0x0000000000000288      0x118 ./Drivers/STM32F4xx_HAL_Driver/Src/stm32f4xx_hal_cortex.o
 .debug_aranges
                0x00000000000003a0       0x58 ./Drivers/STM32F4xx_HAL_Driver/Src/stm32f4xx_hal_gpio.o
 .debug_aranges
                0x00000000000003f8       0x88 ./Drivers/STM32F4xx_HAL_Driver/Src/stm32f4xx_hal_rcc.o
 .debug_aranges
                0x0000000000000480      0x1d0 ./Drivers/STM32F4xx_HAL_Driver/Src/stm32f4xx_hal_spi.o
 .debug_aranges
                0x0000000000000650       0x78 ./Ethernet/W5500_Driver/socket.o
 .debug_aranges
                0x00000000000006c8       0x60 ./Ethernet/W5500_Driver/w5500.o
 .debug_aranges
                0x0000000000000728      0x138 ./Ethernet/W5500_Driver/wizchip_conf.o

.debug_ranges   0x0000000000000000      0x7b0
 .debug_ranges  0x0000000000000000       0xa8 ./Core/Src/main.o
 .debug_ranges  0x00000000000000a8       0x20 ./Core/Src/stm32f4xx_hal_msp.o
 .debug_ranges  0x00000000000000c8       0x50 ./Core/Src/stm32f4xx_it.o
 .debug_ranges  0x0000000000000118       0x18 ./Core/Src/system_stm32f4xx.o
 .debug_ranges  0x0000000000000130       0x20 ./Core/Startup/startup_stm32f407vgtx.o
 .debug_ranges  0x0000000000000150       0xe0 ./Drivers/STM32F4xx_HAL_Driver/Src/stm32f4xx_hal.o
 .debug_ranges  0x0000000000000230      0x108 ./Drivers/STM32F4xx_HAL_Driver/Src/stm32f4xx_hal_cortex.o
 .debug_ranges  0x0000000000000338       0x48 ./Drivers/STM32F4xx_HAL_Driver/Src/stm32f4xx_hal_gpio.o
 .debug_ranges  0x0000000000000380       0x78 ./Drivers/STM32F4xx_HAL_Driver/Src/stm32f4xx_hal_rcc.o
 .debug_ranges  0x00000000000003f8      0x1c0 ./Drivers/STM32F4xx_HAL_Driver/Src/stm32f4xx_hal_spi.o
 .debug_ranges  0x00000000000005b8       0x80 ./Ethernet/W5500_Driver/socket.o
 .debug_ranges  0x0000000000000638       0x50 ./Ethernet/W5500_Driver/w5500.o
 .debug_ranges  0x0000000000000688      0x128 ./Ethernet/W5500_Driver/wizchip_conf.o

.debug_macro    0x0000000000000000    0x1e9d8
 .debug_macro   0x0000000000000000      0x398 ./Core/Src/main.o
 .debug_macro   0x0000000000000398      0x295 ./Core/Src/main.o
 .debug_macro   0x000000000000062d       0x2e ./Core/Src/main.o
 .debug_macro   0x000000000000065b       0x2f ./Core/Src/main.o
 .debug_macro   0x000000000000068a       0x8e ./Core/Src/main.o
 .debug_macro   0x0000000000000718       0x51 ./Core/Src/main.o
 .debug_macro   0x0000000000000769       0x1c ./Core/Src/main.o
 .debug_macro   0x0000000000000785       0x22 ./Core/Src/main.o
 .debug_macro   0x00000000000007a7       0xd9 ./Core/Src/main.o
 .debug_macro   0x0000000000000880     0x102d ./Core/Src/main.o
 .debug_macro   0x00000000000018ad      0x11f ./Core/Src/main.o
 .debug_macro   0x00000000000019cc    0x15e82 ./Core/Src/main.o
 .debug_macro   0x000000000001784e       0x6d ./Core/Src/main.o
 .debug_macro   0x00000000000178bb     0x367e ./Core/Src/main.o
 .debug_macro   0x000000000001af39      0x174 ./Core/Src/main.o
 .debug_macro   0x000000000001b0ad       0x5c ./Core/Src/main.o
 .debug_macro   0x000000000001b109      0x96b ./Core/Src/main.o
 .debug_macro   0x000000000001ba74      0x9fe ./Core/Src/main.o
 .debug_macro   0x000000000001c472      0x115 ./Core/Src/main.o
 .debug_macro   0x000000000001c587      0x13e ./Core/Src/main.o
 .debug_macro   0x000000000001c6c5       0xa5 ./Core/Src/main.o
 .debug_macro   0x000000000001c76a      0x174 ./Core/Src/main.o
 .debug_macro   0x000000000001c8de      0x287 ./Core/Src/main.o
 .debug_macro   0x000000000001cb65       0x5f ./Core/Src/main.o
 .debug_macro   0x000000000001cbc4      0x236 ./Core/Src/main.o
 .debug_macro   0x000000000001cdfa      0x12c ./Core/Src/main.o
 .debug_macro   0x000000000001cf26      0x21e ./Core/Src/main.o
 .debug_macro   0x000000000001d144       0x2e ./Core/Src/main.o
 .debug_macro   0x000000000001d172      0x11a ./Core/Src/main.o
 .debug_macro   0x000000000001d28c       0x7e ./Core/Src/main.o
 .debug_macro   0x000000000001d30a       0x89 ./Core/Src/main.o
 .debug_macro   0x000000000001d393      0x225 ./Core/Src/main.o
 .debug_macro   0x000000000001d5b8      0x12d ./Core/Src/main.o
 .debug_macro   0x000000000001d6e5       0x40 ./Core/Src/main.o
 .debug_macro   0x000000000001d725       0xde ./Core/Src/main.o
 .debug_macro   0x000000000001d803       0x22 ./Core/Src/main.o
 .debug_macro   0x000000000001d825       0x52 ./Core/Src/main.o
 .debug_macro   0x000000000001d877       0x10 ./Core/Src/main.o
 .debug_macro   0x000000000001d887       0x35 ./Core/Src/main.o
 .debug_macro   0x000000000001d8bc       0x20 ./Core/Src/main.o
 .debug_macro   0x000000000001d8dc       0x1c ./Core/Src/main.o
 .debug_macro   0x000000000001d8f8      0x1c9 ./Core/Src/stm32f4xx_hal_msp.o
 .debug_macro   0x000000000001dac1      0x1d3 ./Core/Src/stm32f4xx_it.o
 .debug_macro   0x000000000001dc94      0x1ba ./Core/Src/system_stm32f4xx.o
 .debug_macro   0x000000000001de4e      0x21a ./Drivers/STM32F4xx_HAL_Driver/Src/stm32f4xx_hal.o
 .debug_macro   0x000000000001e068      0x1ba ./Drivers/STM32F4xx_HAL_Driver/Src/stm32f4xx_hal_cortex.o
 .debug_macro   0x000000000001e222      0x1c0 ./Drivers/STM32F4xx_HAL_Driver/Src/stm32f4xx_hal_gpio.o
 .debug_macro   0x000000000001e3e2      0x1de ./Drivers/STM32F4xx_HAL_Driver/Src/stm32f4xx_hal_rcc.o
 .debug_macro   0x000000000001e5c0      0x1c9 ./Drivers/STM32F4xx_HAL_Driver/Src/stm32f4xx_hal_spi.o
 .debug_macro   0x000000000001e789       0xb8 ./Ethernet/W5500_Driver/socket.o
 .debug_macro   0x000000000001e841       0x66 ./Ethernet/W5500_Driver/socket.o
 .debug_macro   0x000000000001e8a7       0x9d ./Ethernet/W5500_Driver/w5500.o
 .debug_macro   0x000000000001e944       0x94 ./Ethernet/W5500_Driver/wizchip_conf.o

.debug_line     0x0000000000000000     0x8c2e
 .debug_line    0x0000000000000000      0xcf3 ./Core/Src/main.o
 .debug_line    0x0000000000000cf3      0x6df ./Core/Src/stm32f4xx_hal_msp.o
 .debug_line    0x00000000000013d2      0x754 ./Core/Src/stm32f4xx_it.o
 .debug_line    0x0000000000001b26      0x713 ./Core/Src/system_stm32f4xx.o
 .debug_line    0x0000000000002239       0x88 ./Core/Startup/startup_stm32f407vgtx.o
 .debug_line    0x00000000000022c1      0x979 ./Drivers/STM32F4xx_HAL_Driver/Src/stm32f4xx_hal.o
 .debug_line    0x0000000000002c3a      0xc28 ./Drivers/STM32F4xx_HAL_Driver/Src/stm32f4xx_hal_cortex.o
 .debug_line    0x0000000000003862      0xaed ./Drivers/STM32F4xx_HAL_Driver/Src/stm32f4xx_hal_gpio.o
 .debug_line    0x000000000000434f      0xcf5 ./Drivers/STM32F4xx_HAL_Driver/Src/stm32f4xx_hal_rcc.o
 .debug_line    0x0000000000005044     0x1c03 ./Drivers/STM32F4xx_HAL_Driver/Src/stm32f4xx_hal_spi.o
 .debug_line    0x0000000000006c47      0xd9a ./Ethernet/W5500_Driver/socket.o
 .debug_line    0x00000000000079e1      0x726 ./Ethernet/W5500_Driver/w5500.o
 .debug_line    0x0000000000008107      0xb27 ./Ethernet/W5500_Driver/wizchip_conf.o

.debug_str      0x0000000000000000    0xc580d
 .debug_str     0x0000000000000000    0xc3517 ./Core/Src/main.o
                                      0xc3828 (size before relaxing)
 .debug_str     0x00000000000c3517       0x80 ./Core/Src/stm32f4xx_hal_msp.o
                                      0xbc503 (size before relaxing)
 .debug_str     0x00000000000c3597       0xc9 ./Core/Src/stm32f4xx_it.o
                                      0xbbf71 (size before relaxing)
 .debug_str     0x00000000000c3660       0xdb ./Core/Src/system_stm32f4xx.o
                                      0xbbfa3 (size before relaxing)
 .debug_str     0x00000000000c373b       0x36 ./Core/Startup/startup_stm32f407vgtx.o
                                         0x77 (size before relaxing)
 .debug_str     0x00000000000c3771      0xad6 ./Drivers/STM32F4xx_HAL_Driver/Src/stm32f4xx_hal.o
                                      0xbcb27 (size before relaxing)
 .debug_str     0x00000000000c4247      0x34a ./Drivers/STM32F4xx_HAL_Driver/Src/stm32f4xx_hal_cortex.o
                                      0xbc85a (size before relaxing)
 .debug_str     0x00000000000c4591      0x121 ./Drivers/STM32F4xx_HAL_Driver/Src/stm32f4xx_hal_gpio.o
                                      0xbc11e (size before relaxing)
 .debug_str     0x00000000000c46b2      0x233 ./Drivers/STM32F4xx_HAL_Driver/Src/stm32f4xx_hal_rcc.o
                                      0xbc3d7 (size before relaxing)
 .debug_str     0x00000000000c48e5      0x581 ./Drivers/STM32F4xx_HAL_Driver/Src/stm32f4xx_hal_spi.o
                                      0xbc867 (size before relaxing)
 .debug_str     0x00000000000c4e66      0x43c ./Ethernet/W5500_Driver/socket.o
                                       0x6f91 (size before relaxing)
 .debug_str     0x00000000000c52a2      0x115 ./Ethernet/W5500_Driver/w5500.o
                                       0x694c (size before relaxing)
 .debug_str     0x00000000000c53b7      0x456 ./Ethernet/W5500_Driver/wizchip_conf.o
                                       0x7208 (size before relaxing)

.comment        0x0000000000000000       0x50
 .comment       0x0000000000000000       0x50 ./Core/Src/main.o
                                         0x51 (size before relaxing)
 .comment       0x0000000000000050       0x51 ./Core/Src/stm32f4xx_hal_msp.o
 .comment       0x0000000000000050       0x51 ./Core/Src/stm32f4xx_it.o
 .comment       0x0000000000000050       0x51 ./Core/Src/system_stm32f4xx.o
 .comment       0x0000000000000050       0x51 ./Drivers/STM32F4xx_HAL_Driver/Src/stm32f4xx_hal.o
 .comment       0x0000000000000050       0x51 ./Drivers/STM32F4xx_HAL_Driver/Src/stm32f4xx_hal_cortex.o
 .comment       0x0000000000000050       0x51 ./Drivers/STM32F4xx_HAL_Driver/Src/stm32f4xx_hal_gpio.o
 .comment       0x0000000000000050       0x51 ./Drivers/STM32F4xx_HAL_Driver/Src/stm32f4xx_hal_rcc.o
 .comment       0x0000000000000050       0x51 ./Drivers/STM32F4xx_HAL_Driver/Src/stm32f4xx_hal_spi.o
 .comment       0x0000000000000050       0x51 ./Ethernet/W5500_Driver/socket.o
 .comment       0x0000000000000050       0x51 ./Ethernet/W5500_Driver/w5500.o
 .comment       0x0000000000000050       0x51 ./Ethernet/W5500_Driver/wizchip_conf.o

.debug_frame    0x0000000000000000     0x2128
 .debug_frame   0x0000000000000000      0x2c0 ./Core/Src/main.o
 .debug_frame   0x00000000000002c0       0x7c ./Core/Src/stm32f4xx_hal_msp.o
 .debug_frame   0x000000000000033c      0x104 ./Core/Src/stm32f4xx_it.o
 .debug_frame   0x0000000000000440       0x58 ./Core/Src/system_stm32f4xx.o
 .debug_frame   0x0000000000000498      0x374 ./Drivers/STM32F4xx_HAL_Driver/Src/stm32f4xx_hal.o
 .debug_frame   0x000000000000080c      0x498 ./Drivers/STM32F4xx_HAL_Driver/Src/stm32f4xx_hal_cortex.o
 .debug_frame   0x0000000000000ca4      0x14c ./Drivers/STM32F4xx_HAL_Driver/Src/stm32f4xx_hal_gpio.o
 .debug_frame   0x0000000000000df0      0x1f4 ./Drivers/STM32F4xx_HAL_Driver/Src/stm32f4xx_hal_rcc.o
 .debug_frame   0x0000000000000fe4      0x824 ./Drivers/STM32F4xx_HAL_Driver/Src/stm32f4xx_hal_spi.o
 .debug_frame   0x0000000000001808      0x1d4 ./Ethernet/W5500_Driver/socket.o
 .debug_frame   0x00000000000019dc      0x16c ./Ethernet/W5500_Driver/w5500.o
 .debug_frame   0x0000000000001b48      0x534 ./Ethernet/W5500_Driver/wizchip_conf.o
 .debug_frame   0x000000000000207c       0x2c c:/st/stm32cubeide_1.10.1/stm32cubeide/plugins/com.st.stm32cube.ide.mcu.externaltools.gnu-tools-for-stm32.10.3-2021.10.win32_1.0.100.202210260954/tools/bin/../lib/gcc/arm-none-eabi/10.3.1/../../../../arm-none-eabi/lib/thumb/v7e-m+fp/hard\libc_nano.a(lib_a-init.o)
 .debug_frame   0x00000000000020a8       0x20 c:/st/stm32cubeide_1.10.1/stm32cubeide/plugins/com.st.stm32cube.ide.mcu.externaltools.gnu-tools-for-stm32.10.3-2021.10.win32_1.0.100.202210260954/tools/bin/../lib/gcc/arm-none-eabi/10.3.1/../../../../arm-none-eabi/lib/thumb/v7e-m+fp/hard\libc_nano.a(lib_a-memset.o)
 .debug_frame   0x00000000000020c8       0x2c c:/st/stm32cubeide_1.10.1/stm32cubeide/plugins/com.st.stm32cube.ide.mcu.externaltools.gnu-tools-for-stm32.10.3-2021.10.win32_1.0.100.202210260954/tools/bin/../lib/gcc/arm-none-eabi/10.3.1/thumb/v7e-m+fp/hard\libgcc.a(_aeabi_uldivmod.o)
 .debug_frame   0x00000000000020f4       0x34 c:/st/stm32cubeide_1.10.1/stm32cubeide/plugins/com.st.stm32cube.ide.mcu.externaltools.gnu-tools-for-stm32.10.3-2021.10.win32_1.0.100.202210260954/tools/bin/../lib/gcc/arm-none-eabi/10.3.1/thumb/v7e-m+fp/hard\libgcc.a(_udivmoddi4.o)
